// Jest Snapshot v1, https://goo.gl/fbAQLP

exports[`Feedback.vue should render correctly 1`] = `
<div>
  <div
    aria-atomic="true"
    aria-live="polite"
    class="alert alert-danger"
    role="alert"
  >
    <!---->
    Error: 
  </div>
</div>
`;
